../Core/Src/main.c:161:6:write8	32	static
../Core/Src/main.c:170:9:read8	32	static
../Core/Src/main.c:180:10:read16	32	static
../Core/Src/main.c:193:6:enable	8	static
../Core/Src/main.c:201:6:disable	16	static
../Core/Src/main.c:209:6:setIntegrationTime	16	static
../Core/Src/main.c:215:6:setGain	16	static
../Core/Src/main.c:221:6:tcs3272_init	16	static
../Core/Src/main.c:238:6:getRawData	24	static
../Core/Src/main.c:251:6:getRGB	32	static
../Core/Src/main.c:268:6:AverageFiltered	56	static
../Core/Src/main.c:286:6:StepperMotor_Start	8	static
../Core/Src/main.c:295:6:StepperMotor_Stop	8	static
../Core/Src/main.c:301:6:checkColor	24	static
../Core/Src/main.c:357:6:updateAngle	24	static
../Core/Src/main.c:385:6:controlServo	24	static
../Core/Src/main.c:421:6:update_number	24	static
../Core/Src/main.c:434:6:print_out	24	static
../Core/Src/main.c:441:6:checkIRAndControl	120	static
../Core/Src/main.c:467:5:main	72	static
../Core/Src/main.c:669:6:SystemClock_Config	88	static
../Core/Src/main.c:716:13:MX_ADC1_Init	24	static
../Core/Src/main.c:763:13:MX_I2C1_Init	8	static
../Core/Src/main.c:797:13:MX_I2C2_Init	8	static
../Core/Src/main.c:831:13:MX_TIM2_Init	64	static
../Core/Src/main.c:890:13:MX_TIM3_Init	64	static
../Core/Src/main.c:949:13:MX_USART1_UART_Init	8	static
../Core/Src/main.c:982:13:MX_GPIO_Init	40	static
../Core/Src/main.c:1040:6:HAL_GPIO_EXTI_Callback	16	static
../Core/Src/main.c:1103:6:Error_Handler	4	static,ignoring_inline_asm
